step,phase,epochs_seen,tokens_seen,train_loss,train_loss_ema,val_loss,val_ppl,grad_norm,param_norm,lr,elapsed_sec,tokens_per_sec,approx_flops_total
0,trajectory,0.0,0,3.459706,3.459706,3.459706,31.8076,,43.8469,0.0003,2.11,0.0,2699454054400.0
1,trajectory,0.034131626751995735,2048,3.4559,3.459326,3.051634,21.1499,1.000001,43.8474,0.0003,3.62,565.1,2699454054400.0
2,trajectory,0.06826325350399147,4096,3.03358,3.416751,2.967006,19.4337,1.0,43.8491,0.0003,5.01,817.7,2699454054400.0
3,train,0.1023948802559872,6144,2.952276,3.370304,,,1.000001,43.8516,0.0003,6.38,962.6,2699454054400.0
4,train,0.13652650700798294,8192,2.838303,3.317104,,,1.000001,43.8547,0.0003,6.53,1255.0,2699454054400.0
5,trajectory,0.17065813375997868,10240,2.770406,3.262434,2.628443,13.8522,1.0,43.8587,0.0003,6.66,1536.5,2699454054400.0
6,train,0.2047897605119744,12288,2.640471,3.200237,,,1.0,43.8635,0.0003,7.98,1539.0,2699454054400.0
7,train,0.23892138726397014,14336,2.497272,3.129941,,,1.0,43.8684,0.0003,8.11,1767.0,2699454054400.0
8,train,0.2730530140159659,16384,2.374381,3.054385,,,1.000001,43.8732,0.0003,8.25,1986.6,2699454054400.0
9,train,0.3071846407679616,18432,2.250787,2.974025,,,1.0,43.878,0.0003,8.38,2199.3,2699454054400.0
10,trajectory,0.34131626751995736,20480,2.163073,2.89293,2.085146,8.0458,1.0,43.883,0.0003,8.51,2407.1,2699454054400.0
11,train,0.3754478942719531,22528,2.101534,2.81379,,,1.0,43.8884,0.0003,9.76,2308.2,2699454054400.0
12,train,0.4095795210239488,24576,2.019311,2.734342,,,1.0,43.8939,0.0003,9.88,2488.0,2699454054400.0
13,train,0.44371114777594456,26624,1.939435,2.654852,,,1.0,43.8996,0.0003,9.99,2665.4,2699454054400.0
14,train,0.4778427745279403,28672,1.869223,2.576289,,,1.0,43.9053,0.0003,10.1,2838.0,2699454054400.0
15,train,0.511974401279936,30720,1.828432,2.501503,,,0.999999,43.9112,0.0003,10.22,3007.1,2699454054400.0
16,train,0.5461060280319318,32768,1.780117,2.429365,,,1.0,43.9172,0.0003,10.33,3173.3,2699454054400.0
17,train,0.5802376547839275,34816,1.744623,2.36089,,,1.0,43.9232,0.0003,10.44,3335.2,2699454054400.0
18,train,0.6143692815359232,36864,1.698697,2.294671,,,1.0,43.9294,0.0003,10.55,3493.7,2699454054400.0
19,train,0.648500908287919,38912,1.673441,2.232548,,,1.0,43.9357,0.0003,10.67,3645.7,2699454054400.0
20,train,0.6826325350399147,40960,1.65216,2.174509,,,1.0,43.9421,0.0003,10.79,3795.7,2699454054400.0
21,train,0.7167641617919104,43008,1.608504,2.117909,,,1.0,43.9486,0.0003,10.9,3944.2,2699454054400.0
22,train,0.7508957885439062,45056,1.583461,2.064464,,,1.0,43.9553,0.0003,11.02,4087.1,2699454054400.0
23,train,0.7850274152959019,47104,1.579577,2.015975,,,0.999999,43.9622,0.0003,11.14,4228.8,2699454054400.0
24,train,0.8191590420478976,49152,1.549436,1.969321,,,1.0,43.9692,0.0003,11.26,4365.2,2699454054400.0
25,trajectory,0.8532906687998933,51200,1.510406,1.92343,1.515367,4.5511,1.0,43.9761,0.0003,11.39,4496.5,2699454054400.0
26,train,0.8874222955518891,53248,1.51983,1.88307,,,1.0,43.983,0.0003,12.95,4111.6,2699454054400.0
27,train,0.9215539223038848,55296,1.497555,1.844518,,,1.0,43.9898,0.0003,13.08,4226.1,2699454054400.0
28,train,0.9556855490558805,57344,1.488421,1.808909,,,0.999999,43.9968,0.0003,13.21,4340.2,2699454054400.0
29,train,0.9898171758078763,59392,1.438701,1.771888,,,1.0,44.0039,0.0003,13.33,4455.4,2699454054400.0
30,train,1.023948802559872,61440,1.424998,1.737199,,,0.999999,44.0112,0.0003,13.45,4567.0,2699454054400.0
31,train,1.0580804293118677,63488,1.417315,1.70521,,,1.0,44.0183,0.0003,13.57,4677.7,2699454054400.0
32,train,1.0922120560638635,65536,1.399232,1.674613,,,1.0,44.0255,0.0003,13.69,4787.3,2699454054400.0
33,train,1.1263436828158593,67584,1.388355,1.645987,,,1.0,44.0324,0.0003,13.8,4896.1,2699454054400.0
34,train,1.160475309567855,69632,1.362751,1.617663,,,0.999999,44.0395,0.0003,13.93,4999.9,2699454054400.0
35,train,1.1946069363198506,71680,1.350533,1.59095,,,1.0,44.0463,0.0003,14.06,5099.3,2699454054400.0
36,train,1.2287385630718464,73728,1.322897,1.564145,,,1.0,44.053,0.0003,14.18,5199.0,2699454054400.0
37,train,1.2628701898238421,75776,1.333545,1.541085,,,1.0,44.0597,0.0003,14.3,5299.5,2699454054400.0
38,train,1.297001816575838,77824,1.311055,1.518082,,,1.0,44.0661,0.0003,14.43,5395.0,2699454054400.0
39,train,1.3311334433278337,79872,1.315572,1.497831,,,1.0,44.0723,0.0003,14.55,5490.4,2699454054400.0
40,train,1.3652650700798294,81920,1.284385,1.476486,,,1.0,44.078,0.0003,14.67,5584.1,2699454054400.0
41,train,1.399396696831825,83968,1.285118,1.457349,,,1.0,44.0836,0.0003,14.79,5678.1,2699454054400.0
42,train,1.4335283235838208,86016,1.270207,1.438635,,,1.0,44.089,0.0003,14.91,5767.3,2699454054400.0
43,train,1.4676599503358165,88064,1.237855,1.418557,,,1.0,44.0943,0.0003,15.04,5855.4,2699454054400.0
44,train,1.5017915770878123,90112,1.256716,1.402373,,,1.0,44.0995,0.0003,15.17,5940.5,2699454054400.0
45,train,1.535923203839808,92160,1.217265,1.383862,,,1.0,44.1047,0.0003,15.3,6024.5,2699454054400.0
46,train,1.5700548305918038,94208,1.238402,1.369316,,,1.0,44.1096,0.0003,15.42,6108.8,2699454054400.0
47,train,1.6041864573437994,96256,1.226131,1.354998,,,1.0,44.1143,0.0003,15.55,6189.1,2699454054400.0
48,train,1.6383180840957952,98304,1.187022,1.3382,,,1.0,44.1192,0.0003,15.68,6269.7,2699454054400.0
49,train,1.672449710847791,100352,1.194737,1.323854,,,1.0,44.1238,0.0003,15.8,6349.9,2699454054400.0
50,trajectory,1.7065813375997867,102400,1.227264,1.314195,1.170895,3.2249,1.0,44.1282,0.0003,15.93,6429.7,2699454054400.0
51,train,1.7407129643517825,104448,1.178523,1.300628,,,1.0,44.1327,0.0003,17.22,6066.1,2699454054400.0
52,train,1.7748445911037782,106496,1.160938,1.286659,,,1.0,44.1372,0.0003,17.33,6144.7,2699454054400.0
53,train,1.8089762178557738,108544,1.16805,1.274798,,,1.0,44.1414,0.0003,17.46,6218.3,2699454054400.0
54,train,1.8431078446077696,110592,1.146001,1.261918,,,1.0,44.1454,0.0003,17.58,6291.9,2699454054400.0
55,train,1.8772394713597653,112640,1.152168,1.250943,,,1.0,44.1496,0.0003,17.69,6367.7,2699454054400.0
56,train,1.911371098111761,114688,1.157951,1.241644,,,1.0,44.1538,0.0003,17.81,6439.1,2699454054400.0
57,train,1.9455027248637569,116736,1.118927,1.229372,,,1.0,44.1582,0.0003,17.94,6507.8,2699454054400.0
58,train,1.9796343516157526,118784,1.090088,1.215444,,,1.0,44.1624,0.0003,18.06,6578.3,2699454054400.0
59,train,2.0137659783677484,120832,1.115397,1.205439,,,1.0,44.1663,0.0003,18.18,6647.5,2699454054400.0
60,train,2.047897605119744,122880,1.107673,1.195663,,,1.0,44.1701,0.0003,18.3,6715.2,2699454054400.0
61,train,2.08202923187174,124928,1.089684,1.185065,,,1.0,44.1737,0.0003,18.43,6778.6,2699454054400.0
62,train,2.1161608586237355,126976,1.069518,1.17351,,,1.0,44.1778,0.0003,18.56,6842.2,2699454054400.0
63,train,2.150292485375731,129024,1.050792,1.161238,,,1.0,44.1821,0.0003,18.68,6908.1,2699454054400.0
64,train,2.184424112127727,131072,1.059933,1.151108,,,1.0,44.1868,0.0003,18.81,6968.8,2699454054400.0
65,train,2.2185557388797226,133120,1.044108,1.140408,,,1.0,44.1915,0.0003,18.93,7032.4,2699454054400.0
66,train,2.2526873656317186,135168,1.035638,1.129931,,,1.0,44.1962,0.0003,19.04,7097.3,2699454054400.0
67,train,2.286818992383714,137216,1.028488,1.119786,,,1.0,44.201,0.0003,19.16,7159.8,2699454054400.0
68,train,2.32095061913571,139264,1.01769,1.109577,,,1.0,44.206,0.0003,19.29,7219.3,2699454054400.0
69,train,2.3550822458877056,141312,0.997574,1.098377,,,1.0,44.2113,0.0003,19.42,7276.1,2699454054400.0
70,train,2.389213872639701,143360,1.007829,1.089322,,,1.0,44.2163,0.0003,19.55,7332.8,2699454054400.0
71,train,2.423345499391697,145408,1.001393,1.080529,,,1.0,44.2212,0.0003,19.69,7386.5,2699454054400.0
72,train,2.4574771261436927,147456,0.990044,1.07148,,,1.0,44.2263,0.0003,19.83,7437.3,2699454054400.0
73,train,2.4916087528956887,149504,1.01371,1.065703,,,1.0,44.2312,0.0003,19.95,7492.9,2699454054400.0
74,train,2.5257403796476843,151552,0.970207,1.056154,,,1.0,44.2361,0.0003,20.08,7548.3,2699454054400.0
75,trajectory,2.55987200639968,153600,0.977295,1.048268,0.976074,2.654,1.0,44.2408,0.0003,20.2,7602.6,2699454054400.0
76,train,2.594003633151676,155648,0.980364,1.041477,,,1.0,44.2453,0.0003,21.56,7218.2,2699454054400.0
77,train,2.6281352599036714,157696,0.974036,1.034733,,,1.0,44.2496,0.0003,21.68,7274.2,2699454054400.0
78,train,2.6622668866556674,159744,0.950681,1.026328,,,1.0,44.254,0.0003,21.79,7330.2,2699454054400.0
79,train,2.696398513407663,161792,0.949485,1.018644,,,1.0,44.2583,0.0003,21.91,7385.6,2699454054400.0
80,train,2.730530140159659,163840,0.974862,1.014266,,,1.0,44.2626,0.0003,22.03,7437.6,2699454054400.0
81,train,2.7646617669116544,165888,0.940114,1.00685,,,1.0,44.2672,0.0003,22.14,7491.5,2699454054400.0
82,train,2.79879339366365,167936,0.962211,1.002387,,,1.0,44.2718,0.0003,22.26,7543.2,2699454054400.0
83,train,2.832925020415646,169984,0.924762,0.994624,,,1.0,44.2765,0.0003,22.38,7594.9,2699454054400.0
84,train,2.8670566471676415,172032,0.926426,0.987804,,,1.0,44.2814,0.0003,22.51,7644.1,2699454054400.0
85,train,2.9011882739196375,174080,0.900388,0.979063,,,1.0,44.2862,0.0003,22.63,7693.9,2699454054400.0
86,train,2.935319900671633,176128,0.882273,0.969384,,,1.0,44.291,0.0003,22.75,7740.2,2699454054400.0
87,train,2.9694515274236286,178176,0.881096,0.960555,,,1.0,44.2959,0.0003,22.89,7784.3,2699454054400.0
88,train,3.0035831541756246,180224,0.903065,0.954806,,,1.0,44.3009,0.0003,23.02,7829.4,2699454054400.0
89,train,3.03771478092762,182272,0.86972,0.946297,,,1.0,44.306,0.0003,23.14,7875.7,2699454054400.0
90,train,3.071846407679616,184320,0.852886,0.936956,,,1.0,44.3111,0.0003,23.27,7920.6,2699454054400.0
91,train,3.1059780344316117,186368,0.867937,0.930054,,,1.0,44.3164,0.0003,23.39,7967.2,2699454054400.0
92,train,3.1401096611836077,188416,0.895538,0.926603,,,1.0,44.3214,0.0003,23.51,8014.7,2699454054400.0
93,train,3.1742412879356032,190464,0.888376,0.92278,,,1.0,44.3264,0.0003,23.63,8060.8,2699454054400.0
94,train,3.2083729146875988,192512,0.861622,0.916664,,,1.0,44.3312,0.0003,23.75,8105.0,2699454054400.0
95,train,3.2425045414395948,194560,0.845078,0.909506,,,1.0,44.3359,0.0003,23.87,8150.6,2699454054400.0
96,train,3.2766361681915903,196608,0.841941,0.902749,,,1.0,44.3409,0.0003,23.99,8195.0,2699454054400.0
97,train,3.3107677949435863,198656,0.842047,0.896679,,,1.0,44.3458,0.0003,24.11,8239.3,2699454054400.0
98,train,3.344899421695582,200704,0.872004,0.894211,,,1.0,44.3505,0.0003,24.23,8282.3,2699454054400.0
99,train,3.3790310484475774,202752,0.838045,0.888595,,,1.0,44.3551,0.0003,24.36,8323.1,2699454054400.0
100,trajectory,3.4131626751995734,204800,0.848867,0.884622,0.837322,2.3102,1.0,44.3595,0.0003,24.49,8363.3,2699454054400.0
